06:07:30 **** Incremental Build of configuration Debug for project 16_uart_rx_interrupt ****
make -j9 all 
arm-none-eabi-gcc "../Src/main.c" -mcpu=cortex-m4 -std=gnu11 -g3 -DDEBUG -DNUCLEO_F411RE -DSTM32 -DSTM32F4 -DSTM32F411RETx -c -I../Inc -I/Users/thewiz/embedded/LinuxEmbd/STM32F4-BareMetal_Workspace/chip_headers/CMSIS/Device/ST/STM32F4xx/Include -I/Users/thewiz/embedded/LinuxEmbd/STM32F4-BareMetal_Workspace/chip_headers/CMSIS/Include -O0 -ffunction-sections -fdata-sections -Wall -fstack-usage -fcyclomatic-complexity -MMD -MP -MF"Src/main.d" -MT"Src/main.o" --specs=nano.specs -mfpu=fpv4-sp-d16 -mfloat-abi=hard -mthumb -o "Src/main.o"
arm-none-eabi-gcc "../Src/uart.c" -mcpu=cortex-m4 -std=gnu11 -g3 -DDEBUG -DNUCLEO_F411RE -DSTM32 -DSTM32F4 -DSTM32F411RETx -c -I../Inc -I/Users/thewiz/embedded/LinuxEmbd/STM32F4-BareMetal_Workspace/chip_headers/CMSIS/Device/ST/STM32F4xx/Include -I/Users/thewiz/embedded/LinuxEmbd/STM32F4-BareMetal_Workspace/chip_headers/CMSIS/Include -O0 -ffunction-sections -fdata-sections -Wall -fstack-usage -fcyclomatic-complexity -MMD -MP -MF"Src/uart.d" -MT"Src/uart.o" --specs=nano.specs -mfpu=fpv4-sp-d16 -mfloat-abi=hard -mthumb -o "Src/uart.o"
arm-none-eabi-gcc -o "16_uart_rx_interrupt.elf" @"objects.list"   -mcpu=cortex-m4 -T"/Users/thewiz/embedded/LinuxEmbd/STM32F4-BareMetal_Workspace/16_uart_rx_interrupt/STM32F411RETX_FLASH.ld" --specs=nosys.specs -Wl,-Map="16_uart_rx_interrupt.map" -Wl,--gc-sections -static --specs=nano.specs -mfpu=fpv4-sp-d16 -mfloat-abi=hard -mthumb -Wl,--start-group -lc -lm -Wl,--end-group
Finished building target: 16_uart_rx_interrupt.elf
 
arm-none-eabi-size  16_uart_rx_interrupt.elf 
arm-none-eabi-objdump -h -S 16_uart_rx_interrupt.elf  > "16_uart_rx_interrupt.list"
   text	   data	    bss	    dec	    hex	filename
   5440	     92	   1908	   7440	   1d10	16_uart_rx_interrupt.elf
Finished building: default.size.stdout
 
Finished building: 16_uart_rx_interrupt.list
 

06:07:31 Build Finished. 0 errors, 0 warnings. (took 529ms)

